/Users/sotudeko/Development/workspace-spring-tool-suite-4-4.6.1.RELEASE/smproto/src/main/java/org/demo/smproto/model/DataPoint1.java
/Users/sotudeko/Development/workspace-spring-tool-suite-4-4.6.1.RELEASE/smproto/src/main/java/org/demo/smproto/controller/HomeController.java
/Users/sotudeko/Development/workspace-spring-tool-suite-4-4.6.1.RELEASE/smproto/src/main/java/org/demo/smproto/getOS.java
/Users/sotudeko/Development/workspace-spring-tool-suite-4-4.6.1.RELEASE/smproto/src/main/java/org/demo/smproto/controller/StatsController.java
/Users/sotudeko/Development/workspace-spring-tool-suite-4-4.6.1.RELEASE/smproto/src/main/java/org/demo/smproto/SmprotoApplication.java
/Users/sotudeko/Development/workspace-spring-tool-suite-4-4.6.1.RELEASE/smproto/src/main/java/org/demo/smproto/ReadCSVFileRunner.java
/Users/sotudeko/Development/workspace-spring-tool-suite-4-4.6.1.RELEASE/smproto/src/main/java/org/demo/smproto/service/OSNameService.java
/Users/sotudeko/Development/workspace-spring-tool-suite-4-4.6.1.RELEASE/smproto/src/main/java/org/demo/smproto/controller/ReportController.java
/Users/sotudeko/Development/workspace-spring-tool-suite-4-4.6.1.RELEASE/smproto/src/main/java/org/demo/smproto/service/IMetricsRepositoryService.java
/Users/sotudeko/Development/workspace-spring-tool-suite-4-4.6.1.RELEASE/smproto/src/main/java/org/demo/smproto/model/Metric.java
/Users/sotudeko/Development/workspace-spring-tool-suite-4-4.6.1.RELEASE/smproto/src/main/java/org/demo/smproto/service/IDataService.java
/Users/sotudeko/Development/workspace-spring-tool-suite-4-4.6.1.RELEASE/smproto/src/main/java/org/demo/smproto/service/SQLStatement.java
/Users/sotudeko/Development/workspace-spring-tool-suite-4-4.6.1.RELEASE/smproto/src/main/java/org/demo/smproto/controller/DataController.java
/Users/sotudeko/Development/workspace-spring-tool-suite-4-4.6.1.RELEASE/smproto/src/main/java/org/demo/smproto/CreateCSVFileRunner.java
/Users/sotudeko/Development/workspace-spring-tool-suite-4-4.6.1.RELEASE/smproto/src/main/java/org/demo/smproto/service/DataService.java
/Users/sotudeko/Development/workspace-spring-tool-suite-4-4.6.1.RELEASE/smproto/src/main/java/org/demo/smproto/model/DataPoint3.java
